# serializer version: 1
# name: test_layout_registry_snapshot
  list([
    dict({
      'build': '26.3.2+2329565',
      'layout': dict({
        'build_number_offsets_after_db_version': tuple(
          34,
          38,
          202,
        ),
        'db_version_length_offset': 8,
        'game_date_offset_after_db_version': 172,
        'max_db_version_bytes': 64,
      }),
      'region': 'game_info',
      'schema': 46,
    }),
    dict({
      'build': '26.3.2+2329565',
      'layout': dict({
        'max_version_bytes': 32,
        'version_pattern': '([0-9]{1,3})\\.([0-9]{1,3})\\.([0-9]{1,4})\\+([0-9]{1,10})',
      }),
      'region': 'save_game_summary',
      'schema': 29,
    }),
    dict({
      'build': '26.3.2+2329565',
      'layout': dict({
        'lowest_code_point': 32,
        'string_length_range': tuple(
          2,
          120,
        ),
        'strings_start_offset': 8,
      }),
      'region': 'save_game_summary',
      'schema': 29,
    }),
    dict({
      'build': '26.3.2+2329565',
      'layout': dict({
        'max_name_bytes': 64,
        'minimum_applies_from_bytes': 16777216,
        'minimum_entries_per_pool': 50000,
        'signature': b'U\xb5\x00\x00\x00\x00\x00\x00\x00\x04\x00\x00\x00\x01\x00\x00\x00\x08\x00\x00\x00\x00\x00\x00',
      }),
      'region': 'game_db',
      'schema': 4000,
    }),
    dict({
      'build': '26.3.2+2329565',
      'layout': dict({
        'anchor': b'\xff\xff\xff\xff',
        'anchor_offset': 17,
        'city_offset': 29,
        'club_index_offset': 0,
        'fa_nation_offset': 21,
        'long_name_offset': 39,
        'max_name_bytes': 64,
        'nation_copy_offset': 25,
        'nation_id_range': tuple(
          1,
          999,
        ),
        'nation_offset': 13,
        'stop_gap_bytes': 65536,
        'uid_copy_offset': 8,
        'uid_offset': 4,
        'zero_byte_offset': 12,
      }),
      'region': 'game_db',
      'schema': 4000,
    }),
    dict({
      'build': '26.3.2+2329565',
      'layout': dict({
        'affiliate_count_range': tuple(
          0,
          8,
        ),
        'counts_offset': 37,
        'filler_bytes': 9,
        'first_entry_bytes': 25,
        'first_entry_lead_byte': 2,
        'float_anchor': b'\x00\x00\x80?',
        'float_anchor_offset': 33,
        'minimum_float_anchor_record_offset': 40,
        'null_date_triple': b'\x01\x00l\x07\x01\x00l\x07\x01\x00l\x07',
        'second_entry_bytes': 12,
        'second_entry_lead_byte': 1,
        'team_count_range': tuple(
          1,
          8,
        ),
        'team_id_range': tuple(
          1,
          3000000,
        ),
      }),
      'region': 'game_db',
      'schema': 4000,
    }),
    dict({
      'build': '26.3.2+2329565',
      'layout': dict({
        'confirmation_offset': -18,
        'confirmation_zero_bytes': 10,
        'kind_offset': 8,
        'maximum_leading_misses': 16,
        'normal_kind': 10,
        'ordinal_limit': 200000,
        'ordinal_offset': -4,
        'position_offset': 10,
        'reputation_offset': 11,
        'reputation_range': tuple(
          1,
          10000,
        ),
        'search_window_bytes': 262144,
        'stub_kind': 11,
      }),
      'region': 'game_db',
      'schema': 4000,
    }),
    dict({
      'build': '26.3.2+2329565',
      'layout': dict({
        'attribute_count': 54,
        'attribute_field_order': tuple(
          'crossing',
          'dribbling',
          'finishing',
          'heading',
          'long_shots',
          'marking',
          'off_the_ball',
          'passing',
          'penalty_taking',
          'tackling',
          'vision',
          'handling',
          'aerial_reach',
          'command_of_area',
          'communication',
          'kicking',
          'throwing',
          'anticipation',
          'decisions',
          'one_on_ones',
          'positioning',
          'reflexes',
          'first_touch',
          'technique',
          'flair',
          'corners',
          'teamwork',
          'work_rate',
          'long_throws',
          'eccentricity',
          'rushing_out',
          'punching',
          'acceleration',
          'free_kick_taking',
          'strength',
          'stamina',
          'pace',
          'jumping_reach',
          'leadership',
          'dirtiness',
          'balance',
          'bravery',
          'consistency',
          'aggression',
          'agility',
          'important_matches',
          'injury_proneness',
          'versatility',
          'natural_fitness',
          'determination',
          'composure',
          'concentration',
        ),
        'attribute_range': tuple(
          1,
          100,
        ),
        'attributes_offset': 39,
        'club_join_date_offset': 98,
        'condition_offset': 110,
        'current_ability_offset': 0,
        'current_ability_range': tuple(
          1,
          200,
        ),
        'current_reputation_offset': -4,
        'decode_extent': 122,
        'height_offset': 121,
        'home_reputation_offset': -6,
        'left_foot_index': 24,
        'marker': b'\x01\x00l\x07',
        'marker_offset': 102,
        'match_sharpness_offset': 106,
        'pindex_offset': -19,
        'position_codes': tuple(
          'GK',
          'SW',
          'DL',
          'DC',
          'DR',
          'DM',
          'ML',
          'MC',
          'MR',
          'AML',
          'AMC',
          'AMR',
          'STC',
          'WBL',
          'WBR',
        ),
        'potential_ability_offset': 2,
        'potential_ability_range': tuple(
          -10,
          200,
        ),
        'rating_range': tuple(
          1,
          20,
        ),
        'ratings_count': 15,
        'ratings_offset': 24,
        'reputation_bucket_offset': 8,
        'reputation_bucket_range': tuple(
          0,
          200,
        ),
        'right_foot_index': 25,
        'team_id_offset': 16,
        'transfer_value_offset': 93,
        'transfer_value_placeholder': 300000000,
        'uid_copy_offset': -11,
        'uid_offset': -15,
        'world_reputation_offset': -2,
      }),
      'region': 'game_db',
      'schema': 4000,
    }),
    dict({
      'build': '26.3.2+2329565',
      'layout': dict({
        'common_name_id_offset_from_block_start': 10,
        'date_zero_bytes_count': 7,
        'date_zero_bytes_offset_from_birth': 14,
        'first_name_id_offset_from_block_start': 0,
        'home_grown_club_pair': tuple(
          1,
          72,
        ),
        'home_grown_nation_pair': tuple(
          8,
          70,
        ),
        'legal_name_length_max': 80,
        'legal_name_length_min': 2,
        'legal_name_length_offset_from_block_start': 15,
        'legal_name_offset_from_block_start': 19,
        'name_id_limit': 8388608,
        'nation_id_offset_from_birth': 13,
        'personality_count': 8,
        'personality_offset_from_birth': 21,
        'personality_range': tuple(
          1,
          20,
        ),
        'relation_count_offset_from_birth': 38,
        'relation_entries_offset_from_birth': 39,
        'relation_entry_bytes': 16,
        'relation_kind_role_offset_in_entry': 10,
        'relation_present_offset_from_birth': 37,
        'relation_qualifier_offset_in_entry': 12,
        'relation_referenced_offset_in_entry': 0,
        'relation_sentinel_offset_in_entry': 15,
        'relation_sentinel_value': 255,
        'second_nation_pair': tuple(
          8,
          9,
        ),
        'second_nation_qualifiers': tuple(
          15,
          100,
        ),
        'surname_id_offset_from_block_start': 5,
        'trait_bits_offset_from_block_start': -8,
        'window_start_offset': 100,
      }),
      'region': 'game_db',
      'schema': 4000,
    }),
    dict({
      'build': '26.3.2+2329565',
      'layout': dict({
        'chain_window_end_offset': -30,
        'chain_window_start_offset': -30,
        'clause_award_count_bytes': 4,
        'clause_award_flag_bytes': 1,
        'clause_award_item_bytes': 15,
        'clause_award_item_prefix': b'\x01\x00',
        'clause_award_max_count': 32,
        'clause_competition_count_bytes': 1,
        'clause_competition_item_bytes': 31,
        'clause_competition_item_prefix': b'\x01\x00\x01\x00l\x07',
        'clause_competition_max_count': 32,
        'clause_count_offset': -5,
        'clause_entries_offset': -4,
        'clause_entry_bytes': 8,
        'clause_ff_count': 8,
        'clause_ff_offset': -16,
        'clause_kind_offset': 6,
        'clause_max_count': 23,
        'clause_parameter_offset': 4,
        'clause_step_bytes': 8,
        'clause_team_marker_id_bytes': 4,
        'clause_trailer_bytes': 2,
        'clause_value_offset': 0,
        'clause_zero_count': 3,
        'clause_zero_offset': -8,
        'fallback_end_date_offset': 0,
        'fallback_end_margin': 90,
        'fallback_gate_length': 16,
        'fallback_nonzero_length': 8,
        'fallback_nonzero_offset': 8,
        'fallback_start_date_offset': 4,
        'fallback_start_from_record': 110,
        'head_gate_offset': -35,
        'head_gate_value': 5,
        'head_money_a_offset': -32,
        'head_money_b_offset': -28,
        'head_money_c_offset': -24,
        'head_type_offset': -33,
        'loan_block_max_event_count': 60,
        'selector_offset': 5,
        'start_offset': -19,
        'tag': b'\x01\x00l\x07',
        'tail_base_offset': 66,
        'tail_e12_offset': 12,
        'tail_e16_offset': 16,
        'tail_e20_offset': 20,
        'tail_e24_offset': 24,
        'tail_e2_offset': 2,
        'tail_e37_offset': 37,
        'tail_e38_offset': 38,
        'tail_e39_offset': 39,
        'tail_e8_offset': 8,
        'tail_end_offset': 28,
        'tail_event_count_offset': 42,
        'tail_max_event_count': 200,
        'tail_printed_start_offset': 32,
        'tail_sentinel_byte_offset': 3,
        'tail_sentinel_byte_value': 3,
        'tail_sentinel_word_offset': 4,
        'tail_sentinel_word_value': 4,
        'tail_squad_status_offset': 36,
        'tail_step_bytes': 29,
        'team_id_offset': 9,
        'wage_offset': 17,
      }),
      'region': 'game_db',
      'schema': 4000,
    }),
    dict({
      'build': '26.3.2+2329565',
      'layout': dict({
        'competition_id_exclusive_range': tuple(
          0,
          60000,
        ),
        'competition_id_offset': 16,
        'issued_date_offset': 9,
        'owner_back_offset': 30,
        'signature': tuple(
          tuple(
            4,
            255,
          ),
          tuple(
            5,
            255,
          ),
          tuple(
            13,
            5,
          ),
          tuple(
            15,
            255,
          ),
          tuple(
            18,
            255,
          ),
        ),
        'unknown_e14_offset': 14,
        'unknown_e7_offset': 7,
      }),
      'region': 'game_db',
      'schema': 4000,
    }),
    dict({
      'build': '26.3.2+2329565',
      'layout': dict({
        'chain_rows': 200,
        'competition_id_limit': 1000000,
        'competition_id_offset': 13,
        'group_id_offset': 17,
        'previous_stage_id_offset': 0,
        'resynchronisation_bytes': 4096,
        'round_offset': 21,
        'row_bytes': 33,
        'search_bytes': 2000000,
        'stage_id_copy_offset': 8,
        'stage_id_exclusive_range': tuple(
          0,
          200000,
        ),
        'stage_id_offset': 4,
        'unknown_s25_offset': 25,
        'unknown_s29_offset': 29,
        'zero_byte_offset': 12,
      }),
      'region': 'game_db',
      'schema': 4000,
    }),
    dict({
      'build': '26.3.2+2329565',
      'layout': dict({
        'constant_bytes': tuple(
          tuple(
            -8,
            7,
          ),
          tuple(
            -6,
            0,
          ),
          tuple(
            -4,
            7,
          ),
          tuple(
            -1,
            255,
          ),
          tuple(
            12,
            0,
          ),
          tuple(
            13,
            0,
          ),
          tuple(
            14,
            0,
          ),
          tuple(
            15,
            1,
          ),
          tuple(
            22,
            0,
          ),
          tuple(
            23,
            0,
          ),
          tuple(
            24,
            0,
          ),
          tuple(
            25,
            0,
          ),
          tuple(
            26,
            1,
          ),
          tuple(
            32,
            2,
          ),
          tuple(
            40,
            3,
          ),
          tuple(
            55,
            6,
          ),
          tuple(
            60,
            7,
          ),
        ),
        'database_id_copy_offset': 8,
        'database_id_offset': 4,
        'database_id_range': tuple(
          1,
          2147483647,
        ),
        'entity_id_offset': 0,
        'entity_id_range': tuple(
          1,
          199999,
        ),
        'marker': b'\xff\xff\xff\xff\xff\xff\xff\xff\xff\xff\xff\xff\xff\xff\xff\xff\x01',
        'record_offset_from_marker': 30,
      }),
      'region': 'game_db',
      'schema': 4000,
    }),
    dict({
      'build': '26.3.2+2329565',
      'layout': dict({
        'first_selector_offset': 10,
        'human_count_offset': 8,
        'person_uid_copy_offset': 8,
        'person_uid_offset': 4,
      }),
      'region': 'humans',
      'schema': 21,
    }),
    dict({
      'build': '26.3.2+2329565',
      'layout': dict({
        'away_team_id_offset': 7,
        'cluster_gap_bytes': 1048576,
        'date2_offset': 17,
        'home_team_id_offset': 0,
        'kick_off_date_offset': 13,
        'kick_off_slot_minutes': 15,
        'kick_off_slot_offset': 23,
        'leg_offset': 37,
        'marker_byte_offset': -12,
        'marker_byte_value': 28,
        'match_record_id_offset': 32,
        'match_rules_template_bytes': 3,
        'match_rules_template_offset': 43,
        'phase_offset': 36,
        'played_offset': 55,
        'r39_42_offset': 39,
        'r47_54_offset': 47,
        'record_bytes': 68,
        'round_index_none_value': 255,
        'round_index_offset': 38,
        'season_start_year_offset': 26,
        'sentinel_offsets': tuple(
          tuple(
            4,
            255,
          ),
          tuple(
            11,
            255,
          ),
        ),
        'stadium_ordinal_offset': -7,
        'stage_id_offset': -11,
        'team_id_range': tuple(
          1,
          2999999,
        ),
        'years_after_clock': 8,
        'years_before_clock': 7,
      }),
      'region': 'unlisted_after_non_pl_hist_ls',
      'schema': None,
    }),
    dict({
      'build': '26.3.2+2329565',
      'layout': dict({
        'aggregate_count': 5,
        'division_club_range': tuple(
          18,
          26,
        ),
        'drawn_offset': 7,
        'flag_offset': 16,
        'goals_against_offset': 12,
        'goals_for_offset': 10,
        'group_gap_bytes': 3000,
        'head_bytes_count': 19,
        'head_bytes_offset': -19,
        'key_offset': 0,
        'lost_offset': 8,
        'matches_offset': 87,
        'played_copy_offset': 5,
        'played_offset': 4,
        'points_offset': 14,
        'rounds_per_venue_offset': 85,
        'rounds_per_venue_range': tuple(
          1,
          40,
        ),
        'row_bytes': 17,
        'team_id_offset': -23,
        'team_id_range': tuple(
          1,
          2999999,
        ),
        'unplayed_key': 4294967295,
        'won_offset': 6,
        'zero_offset': 9,
      }),
      'region': 'unlisted_after_non_pl_hist_ls',
      'schema': None,
    }),
    dict({
      'build': '26.3.2+2329565',
      'layout': dict({
        'body_offset': 16,
        'marker': b'\x03\x00\x00\x01\x00\x00\x00\xff\xff\x00\x00\x01\xff\xff\xff',
        'moved_match_bytes': 10,
        'moved_match_max_per_round': 64,
        'moved_match_sentinel_offset': 4,
        'moved_match_sentinel_value': 255,
        'moved_match_tail': b'\xff\xff\xff\xff',
        'moved_match_tail_offset': 6,
        'prize_count_max': 64,
        'promotion_quad_bytes': 4,
        'promotion_quad_offset': -8,
        'round_anchor_search_bytes': 8,
        'round_b5_offset': 5,
        'round_count_max': 80,
        'round_date_offset': 1,
        'round_kind_offset': 0,
        'round_match_count_max': 64,
        'round_match_count_offset': 9,
        'round_no_number_value': 255,
        'round_number_offset': 6,
        'round_record_bytes': 15,
        'tie_break_count_max': 16,
      }),
      'region': 'unlisted_after_non_pl_hist_ls',
      'schema': None,
    }),
    dict({
      'build': '26.3.2+2329565',
      'layout': dict({
        'affiliate_lists_found': tuple(
          0.005,
          None,
        ),
        'affiliate_teams_linked': tuple(
          0.99,
          None,
        ),
        'age_median': tuple(
          20,
          30,
        ),
        'age_range_years': tuple(
          14,
          45,
        ),
        'aged_in_range': tuple(
          0.995,
          None,
        ),
        'chain_teams_resolved': tuple(
          0.98,
          None,
        ),
        'clause_terminator': tuple(
          0.999,
          None,
        ),
        'clubs_minimum': tuple(
          5000,
          None,
        ),
        'competition_database_id_conflicts': tuple(
          None,
          0.001,
        ),
        'competition_database_ids_mapped': tuple(
          0.85,
          None,
        ),
        'competitions_minimum': tuple(
          50,
          None,
        ),
        'condition_sharpness_in_range': tuple(
          0.999,
          None,
        ),
        'condition_sharpness_maximum': 10000,
        'contract_head': tuple(
          0.65,
          None,
        ),
        'date_marked_chain_records': tuple(
          None,
          0.05,
        ),
        'goalkeeper_block_low_maximum': 30,
        'handling_above_finishing': tuple(
          0.2,
          0.3,
        ),
        'height_in_range': tuple(
          0.999,
          None,
        ),
        'height_median': tuple(
          170,
          190,
        ),
        'height_range_cm': tuple(
          150,
          210,
        ),
        'home_grown_club_refs_resolved': tuple(
          0.98,
          None,
        ),
        'home_near_current': tuple(
          0.95,
          None,
        ),
        'home_reputation_window': 1000,
        'issued_after_clock': tuple(
          None,
          0.01,
        ),
        'join_date_valid': tuple(
          0.05,
          0.95,
        ),
        'minimum_applies_from_bytes': 16777216,
        'names_resolved': tuple(
          0.995,
          None,
        ),
        'natural_goalkeeper_rating': 18,
        'no_contract_in_effect': tuple(
          None,
          0.05,
        ),
        'outfield_goalkeeper_block_low': tuple(
          0.9,
          None,
        ),
        'past_dated_tail_ends': tuple(
          None,
          0.05,
        ),
        'person_blocks': tuple(
          0.99,
          None,
        ),
        'players_minimum': tuple(
          5000,
          None,
        ),
        'players_with_chain': tuple(
          0.7,
          None,
        ),
        'relation_sentinel': tuple(
          0.999,
          None,
        ),
        'reputation_found': tuple(
          0.9,
          None,
        ),
        'reputation_median': tuple(
          200,
          3000,
        ),
        'second_nation_qualifier': tuple(
          0.995,
          None,
        ),
        'span_minimum_applies_from_bytes': 16777216,
        'stage_ids_ascending': tuple(
          0.99,
          None,
        ),
        'stage_rows_minimum': tuple(
          1000,
          None,
        ),
        'stage_rows_with_competition': tuple(
          0.9,
          None,
        ),
        'stage_table_tail_bytes': tuple(
          None,
          2097152,
        ),
        'stage_trailing_sentinel': tuple(
          0.95,
          None,
        ),
        'stage_walk_gaps': tuple(
          None,
          8,
        ),
        'status_confirmation': tuple(
          0.95,
          None,
        ),
        'status_normal': tuple(
          0.98,
          None,
        ),
        'suspension_share_of_players': tuple(
          0.001,
          0.1,
        ),
        'tails_parsed': tuple(
          0.7,
          None,
        ),
        'tails_without_clause_table': tuple(
          None,
          0.001,
        ),
        'team_lists_found': tuple(
          0.999,
          None,
        ),
        'team_resolved': tuple(
          0.98,
          None,
        ),
        'with_natural_position': tuple(
          0.97,
          None,
        ),
        'world_not_above_current': tuple(
          0.95,
          None,
        ),
      }),
      'region': 'game_db',
      'schema': 4000,
    }),
  ])
# ---
