# serializer version: 1
# name: test_the_output_schema_matches_its_recorded_columns
  dict({
    'output_schema_version': 1,
    'tables': dict({
      'Club': list([
        'uid',
        'name',
        'short_name',
        'nation_id',
        'fa_nation_id',
        'city_id',
        'teams',
        'parent_club_uid',
        'reputation',
        'last_league_position',
      ]),
      'Competition': list([
        'id',
        'database_id',
        'name',
        'stage_ids',
      ]),
      'Contract': list([
        'player_uid',
        'player_name',
        'club_uid',
        'club_name',
        'team_id',
        'wage',
        'start',
        'end',
        'end_source',
        'squad_status',
        'squad_status_code',
        'type',
        'type_code',
        'clauses',
        'on_loan',
        'loan_parent_club_uid',
        'loan_parent_club_name',
        'loan_start',
        'loan_end',
        'event_count',
        'chain',
        'chain_club_uids',
        'chain_club_names',
        'tailed_chain_club_uids',
        'unknown_money_a',
        'unknown_money_b',
        'unknown_money_c',
        'unknown_e2',
        'unknown_e8',
        'unknown_e12',
        'unknown_e16',
        'unknown_e20',
        'unknown_e24',
        'unknown_e37',
        'unknown_e38',
        'unknown_e39',
      ]),
      'Fixture': list([
        'stage_id',
        'competition_id',
        'competition_name',
        'round',
        'round_code',
        'round_index',
        'date',
        'kick_off_time',
        'season_start_year',
        'home_team_id',
        'home_club_uid',
        'home_club_name',
        'home_club_short_name',
        'home_team_slot',
        'away_team_id',
        'away_club_uid',
        'away_club_name',
        'away_club_short_name',
        'away_team_slot',
        'home_goals',
        'away_goals',
        'played',
        'is_neutral_venue',
        'match_record_id',
        'match_rules_template',
        'unknown_date2',
        'unknown_phase',
        'unknown_leg',
        'unknown_r39_42',
        'unknown_r47_54',
        'unknown_result_r22',
      ]),
      'ManagedClub': list([
        'club_uid',
        'club_name',
        'club_short_name',
        'manager_name',
        'manager_person_uid',
      ]),
      'Player': list([
        'uid',
        'name',
        'first_name',
        'last_name',
        'common_name',
        'full_name',
        'legal_name',
        'birth_date',
        'age',
        'nation_id',
        'second_nation_ids',
        'home_grown_nation_ids',
        'home_grown_club_uids',
        'home_grown_club_names',
        'height_cm',
        'ability_current',
        'ability_potential',
        'ability_potential_range_code',
        'reputation_bucket',
        'reputation_home',
        'reputation_current',
        'reputation_world',
        'club_uid',
        'club_name',
        'club_short_name',
        'club_nation_id',
        'club_fa_nation_id',
        'club_reputation',
        'club_last_league_position',
        'team_id',
        'team_slot',
        'team_club_uid',
        'club_join_date',
        'natural_positions',
        'accomplished_positions',
        'personality_adaptability',
        'personality_ambition',
        'personality_loyalty',
        'personality_pressure',
        'personality_professionalism',
        'personality_sportsmanship',
        'personality_temperament',
        'personality_controversy',
        'attributes_crossing',
        'attributes_dribbling',
        'attributes_finishing',
        'attributes_heading',
        'attributes_long_shots',
        'attributes_marking',
        'attributes_off_the_ball',
        'attributes_passing',
        'attributes_penalty_taking',
        'attributes_tackling',
        'attributes_vision',
        'attributes_handling',
        'attributes_aerial_reach',
        'attributes_command_of_area',
        'attributes_communication',
        'attributes_kicking',
        'attributes_throwing',
        'attributes_anticipation',
        'attributes_decisions',
        'attributes_one_on_ones',
        'attributes_positioning',
        'attributes_reflexes',
        'attributes_first_touch',
        'attributes_technique',
        'attributes_flair',
        'attributes_corners',
        'attributes_teamwork',
        'attributes_work_rate',
        'attributes_long_throws',
        'attributes_eccentricity',
        'attributes_rushing_out',
        'attributes_punching',
        'attributes_acceleration',
        'attributes_free_kick_taking',
        'attributes_strength',
        'attributes_stamina',
        'attributes_pace',
        'attributes_jumping_reach',
        'attributes_leadership',
        'attributes_dirtiness',
        'attributes_balance',
        'attributes_bravery',
        'attributes_consistency',
        'attributes_aggression',
        'attributes_agility',
        'attributes_important_matches',
        'attributes_injury_proneness',
        'attributes_versatility',
        'attributes_natural_fitness',
        'attributes_determination',
        'attributes_composure',
        'attributes_concentration',
        'raw_attributes_crossing',
        'raw_attributes_dribbling',
        'raw_attributes_finishing',
        'raw_attributes_heading',
        'raw_attributes_long_shots',
        'raw_attributes_marking',
        'raw_attributes_off_the_ball',
        'raw_attributes_passing',
        'raw_attributes_penalty_taking',
        'raw_attributes_tackling',
        'raw_attributes_vision',
        'raw_attributes_handling',
        'raw_attributes_aerial_reach',
        'raw_attributes_command_of_area',
        'raw_attributes_communication',
        'raw_attributes_kicking',
        'raw_attributes_throwing',
        'raw_attributes_anticipation',
        'raw_attributes_decisions',
        'raw_attributes_one_on_ones',
        'raw_attributes_positioning',
        'raw_attributes_reflexes',
        'raw_attributes_first_touch',
        'raw_attributes_technique',
        'raw_attributes_flair',
        'raw_attributes_corners',
        'raw_attributes_teamwork',
        'raw_attributes_work_rate',
        'raw_attributes_long_throws',
        'raw_attributes_eccentricity',
        'raw_attributes_rushing_out',
        'raw_attributes_punching',
        'raw_attributes_acceleration',
        'raw_attributes_free_kick_taking',
        'raw_attributes_strength',
        'raw_attributes_stamina',
        'raw_attributes_pace',
        'raw_attributes_jumping_reach',
        'raw_attributes_leadership',
        'raw_attributes_dirtiness',
        'raw_attributes_balance',
        'raw_attributes_bravery',
        'raw_attributes_consistency',
        'raw_attributes_aggression',
        'raw_attributes_agility',
        'raw_attributes_important_matches',
        'raw_attributes_injury_proneness',
        'raw_attributes_versatility',
        'raw_attributes_natural_fitness',
        'raw_attributes_determination',
        'raw_attributes_composure',
        'raw_attributes_concentration',
        'left_foot',
        'right_foot',
        'raw_left_foot',
        'raw_right_foot',
        'positions_gk',
        'positions_sw',
        'positions_dl',
        'positions_dc',
        'positions_dr',
        'positions_dm',
        'positions_ml',
        'positions_mc',
        'positions_mr',
        'positions_aml',
        'positions_amc',
        'positions_amr',
        'positions_stc',
        'positions_wbl',
        'positions_wbr',
        'transfer_value',
        'transfer_value_state',
        'condition',
        'match_sharpness',
        'traits',
        'traits_code',
        'trait_bits',
        'on_loan',
        'loan_parent_club_uid',
        'loan_parent_club_name',
        'loan_start',
        'loan_end',
        'contract_player_uid',
        'contract_player_name',
        'contract_club_uid',
        'contract_club_name',
        'contract_team_id',
        'contract_wage',
        'contract_start',
        'contract_end',
        'contract_end_source',
        'contract_squad_status',
        'contract_squad_status_code',
        'contract_type',
        'contract_type_code',
        'contract_clauses',
        'contract_on_loan',
        'contract_loan_parent_club_uid',
        'contract_loan_parent_club_name',
        'contract_loan_start',
        'contract_loan_end',
        'contract_event_count',
        'contract_chain',
        'contract_chain_club_uids',
        'contract_chain_club_names',
        'contract_tailed_chain_club_uids',
        'contract_unknown_money_a',
        'contract_unknown_money_b',
        'contract_unknown_money_c',
        'contract_unknown_e2',
        'contract_unknown_e8',
        'contract_unknown_e12',
        'contract_unknown_e16',
        'contract_unknown_e20',
        'contract_unknown_e24',
        'contract_unknown_e37',
        'contract_unknown_e38',
        'contract_unknown_e39',
        'suspensions',
      ]),
      'Stage': list([
        'id',
        'competition_id',
        'competition_name',
        'group_id',
        'round',
        'round_code',
        'previous_stage_id',
        'unknown_s25',
        'unknown_s29',
      ]),
      'Suspension': list([
        'player_uid',
        'player_name',
        'club_uid',
        'club_name',
        'suspension_competition_id',
        'issued_date',
        'unknown_e7',
        'unknown_e14',
      ]),
    }),
  })
# ---
