# serializer version: 1
# name: test_layout_registry_snapshot
  list([
    dict({
      'build': '26.3.2+2329565',
      'layout': dict({
        'build_number_offsets_after_db_version': tuple(
          34,
          38,
          202,
        ),
        'db_version_length_offset': 8,
        'game_date_offset_after_db_version': 172,
        'max_db_version_bytes': 64,
      }),
      'region': 'game_info',
      'schema': 46,
    }),
    dict({
      'build': '26.3.2+2329565',
      'layout': dict({
        'max_version_bytes': 32,
        'version_pattern': '([0-9]{1,3})\\.([0-9]{1,3})\\.([0-9]{1,4})\\+([0-9]{1,10})',
      }),
      'region': 'save_game_summary',
      'schema': 29,
    }),
    dict({
      'build': '26.3.2+2329565',
      'layout': dict({
        'max_name_bytes': 64,
        'minimum_applies_from_bytes': 16777216,
        'minimum_entries_per_pool': 50000,
        'signature': b'U\xb5\x00\x00\x00\x00\x00\x00\x00\x04\x00\x00\x00\x01\x00\x00\x00\x08\x00\x00\x00\x00\x00\x00',
      }),
      'region': 'game_db',
      'schema': 4000,
    }),
    dict({
      'build': '26.3.2+2329565',
      'layout': dict({
        'anchor': b'\xff\xff\xff\xff',
        'anchor_offset': 17,
        'city_offset': 29,
        'club_index_offset': 0,
        'fa_nation_offset': 21,
        'long_name_offset': 39,
        'max_name_bytes': 64,
        'nation_copy_offset': 25,
        'nation_id_range': tuple(
          1,
          999,
        ),
        'nation_offset': 13,
        'stop_gap_bytes': 65536,
        'uid_copy_offset': 8,
        'uid_offset': 4,
        'zero_byte_offset': 12,
      }),
      'region': 'game_db',
      'schema': 4000,
    }),
    dict({
      'build': '26.3.2+2329565',
      'layout': dict({
        'counts_offset': 37,
        'filler_bytes': 9,
        'first_entry_bytes': 25,
        'first_entry_lead_byte': 2,
        'float_anchor': b'\x00\x00\x80?',
        'float_anchor_offset': 33,
        'minimum_float_anchor_record_offset': 40,
        'null_date_triple': b'\x01\x00l\x07\x01\x00l\x07\x01\x00l\x07',
        'second_entry_bytes': 12,
        'second_entry_lead_byte': 1,
        'team_count_range': tuple(
          1,
          8,
        ),
        'team_id_range': tuple(
          1,
          3000000,
        ),
      }),
      'region': 'game_db',
      'schema': 4000,
    }),
    dict({
      'build': '26.3.2+2329565',
      'layout': dict({
        'kind_offset': 8,
        'maximum_leading_misses': 16,
        'normal_kind': 10,
        'ordinal_limit': 200000,
        'ordinal_offset': -4,
        'position_offset': 10,
        'reputation_offset': 11,
        'reputation_range': tuple(
          1,
          10000,
        ),
        'search_window_bytes': 262144,
        'stub_kind': 11,
      }),
      'region': 'game_db',
      'schema': 4000,
    }),
  ])
# ---
