# serializer version: 1
# name: test_the_output_schema_matches_its_recorded_columns
  dict({
    'output_schema_version': 1,
    'tables': dict({
      'AffiliateGroup': list([
        'group_index',
        'club_uids',
        'club_names',
      ]),
      'Club': list([
        'uid',
        'name',
        'short_name',
        'nation_id',
        'fa_nation_id',
        'city_id',
        'teams',
        'parent_club_uid',
        'reputation',
        'last_league_position',
      ]),
      'ClubFacilities': list([
        'club_uid',
        'club_name',
        'corporate_facilities',
        'corporate_facilities_code',
      ]),
      'Competition': list([
        'id',
        'database_id',
        'name',
        'stage_ids',
      ]),
      'CompetitionRules': list([
        'kind',
        'competition_id',
        'competition_name',
        'club_count',
        'fixtures_per_club',
        'promotion_places',
        'playoff_places',
        'relegation_places',
        'administration_points_deduction',
        'prize_money',
        'rounds',
        'unknown_promotion_byte2',
        'unknown_tie_break_00',
        'unknown_tie_break_01',
        'unknown_tie_break_02',
        'unknown_tie_break_03',
        'unknown_tie_break_04',
        'unknown_tie_break_05',
        'unknown_tie_break_06',
        'unknown_tie_break_07',
        'unknown_tie_break_08',
        'unknown_tie_break_09',
        'unknown_tie_break_10',
        'unknown_tie_break_11',
        'unknown_tie_break_12',
        'unknown_tie_break_13',
        'unknown_tie_break_14',
        'unknown_tie_break_15',
      ]),
      'Contract': list([
        'player_uid',
        'player_name',
        'club_uid',
        'club_name',
        'team_id',
        'wage',
        'start',
        'end',
        'end_source',
        'squad_status',
        'squad_status_code',
        'type',
        'type_code',
        'clauses',
        'on_loan',
        'loan_parent_club_uid',
        'loan_parent_club_name',
        'loan_start',
        'loan_end',
        'event_count',
        'chain',
        'chain_club_uids',
        'chain_club_names',
        'tailed_chain_club_uids',
        'unknown_money_a',
        'unknown_money_b',
        'unknown_money_c',
        'unknown_e2',
        'unknown_e8',
        'unknown_e12',
        'unknown_e16',
        'unknown_e20',
        'unknown_e24',
        'unknown_e37',
        'unknown_e38',
        'unknown_e39',
      ]),
      'FinanceMonth': list([
        'club_uid',
        'club_name',
        'month',
        'balance',
        'transfer_budget_allocated',
        'transfer_budget_remaining',
        'wage_budget_weekly',
        'wage_payroll_weekly',
        'income_excluding_transfers',
        'net_transfers',
        'wage_bill',
        'net',
        'expenditure_excluding_transfers',
        'total_income',
        'total_expenditure',
      ]),
      'Fixture': list([
        'stage_id',
        'competition_id',
        'competition_name',
        'round',
        'round_code',
        'round_index',
        'date',
        'kick_off_time',
        'season_start_year',
        'home_team_id',
        'home_club_uid',
        'home_club_name',
        'home_club_short_name',
        'home_team_slot',
        'away_team_id',
        'away_club_uid',
        'away_club_name',
        'away_club_short_name',
        'away_team_slot',
        'home_goals',
        'away_goals',
        'played',
        'is_neutral_venue',
        'stadium_uid',
        'match_record_id',
        'match_rules_template',
        'unknown_date2',
        'unknown_phase',
        'unknown_leg',
        'unknown_r39_42',
        'unknown_r47_54',
        'unknown_result_r22',
      ]),
      'InjuryRecord': list([
        'kind',
        'player_uid',
        'player_name',
        'date',
        'team_id',
        'club_uid',
        'club_name',
        'team_slot',
        'type_id',
        'type_name',
        'cause',
        'cause_code',
        'severity',
        'severity_code',
        'unknown_r0',
        'unknown_r11',
        'unknown_r12',
        'unknown_hi7_date',
      ]),
      'InjuryType': list([
        'id',
        'name',
        'unknown_flag',
        'unknown_second_id',
      ]),
      'JobVacancy': list([
        'team_id',
        'club_uid',
        'club_name',
        'team_slot',
        'advertised_date',
        'competition_id',
        'competition_name',
        'league_position',
        'unknown_role',
        'unknown_advertised_slot',
        'unknown_date_12',
        'unknown_u20',
        'unknown_b24',
      ]),
      'LeagueTable': list([
        'competition_id',
        'competition_name',
        'club_count',
        'rows',
      ]),
      'ManagedClub': list([
        'club_uid',
        'club_name',
        'club_short_name',
        'manager_name',
        'manager_person_uid',
      ]),
      'MentoringGroup': list([
        'team_id',
        'club_uid',
        'club_name',
        'team_slot',
        'group_number',
        'label',
        'member_uids',
        'member_names',
      ]),
      'Player': list([
        'uid',
        'name',
        'first_name',
        'last_name',
        'common_name',
        'full_name',
        'legal_name',
        'birth_date',
        'age',
        'nation_id',
        'second_nation_ids',
        'home_grown_nation_ids',
        'home_grown_club_uids',
        'home_grown_club_names',
        'height_cm',
        'ability_current',
        'ability_potential',
        'ability_potential_range_code',
        'reputation_bucket',
        'reputation_home',
        'reputation_current',
        'reputation_world',
        'club_uid',
        'club_name',
        'club_short_name',
        'club_nation_id',
        'club_fa_nation_id',
        'club_reputation',
        'club_last_league_position',
        'team_id',
        'team_slot',
        'team_club_uid',
        'club_join_date',
        'natural_positions',
        'accomplished_positions',
        'personality_adaptability',
        'personality_ambition',
        'personality_loyalty',
        'personality_pressure',
        'personality_professionalism',
        'personality_sportsmanship',
        'personality_temperament',
        'personality_controversy',
        'attributes_crossing',
        'attributes_dribbling',
        'attributes_finishing',
        'attributes_heading',
        'attributes_long_shots',
        'attributes_marking',
        'attributes_off_the_ball',
        'attributes_passing',
        'attributes_penalty_taking',
        'attributes_tackling',
        'attributes_vision',
        'attributes_handling',
        'attributes_aerial_reach',
        'attributes_command_of_area',
        'attributes_communication',
        'attributes_kicking',
        'attributes_throwing',
        'attributes_anticipation',
        'attributes_decisions',
        'attributes_one_on_ones',
        'attributes_positioning',
        'attributes_reflexes',
        'attributes_first_touch',
        'attributes_technique',
        'attributes_flair',
        'attributes_corners',
        'attributes_teamwork',
        'attributes_work_rate',
        'attributes_long_throws',
        'attributes_eccentricity',
        'attributes_rushing_out',
        'attributes_punching',
        'attributes_acceleration',
        'attributes_free_kick_taking',
        'attributes_strength',
        'attributes_stamina',
        'attributes_pace',
        'attributes_jumping_reach',
        'attributes_leadership',
        'attributes_dirtiness',
        'attributes_balance',
        'attributes_bravery',
        'attributes_consistency',
        'attributes_aggression',
        'attributes_agility',
        'attributes_important_matches',
        'attributes_injury_proneness',
        'attributes_versatility',
        'attributes_natural_fitness',
        'attributes_determination',
        'attributes_composure',
        'attributes_concentration',
        'raw_attributes_crossing',
        'raw_attributes_dribbling',
        'raw_attributes_finishing',
        'raw_attributes_heading',
        'raw_attributes_long_shots',
        'raw_attributes_marking',
        'raw_attributes_off_the_ball',
        'raw_attributes_passing',
        'raw_attributes_penalty_taking',
        'raw_attributes_tackling',
        'raw_attributes_vision',
        'raw_attributes_handling',
        'raw_attributes_aerial_reach',
        'raw_attributes_command_of_area',
        'raw_attributes_communication',
        'raw_attributes_kicking',
        'raw_attributes_throwing',
        'raw_attributes_anticipation',
        'raw_attributes_decisions',
        'raw_attributes_one_on_ones',
        'raw_attributes_positioning',
        'raw_attributes_reflexes',
        'raw_attributes_first_touch',
        'raw_attributes_technique',
        'raw_attributes_flair',
        'raw_attributes_corners',
        'raw_attributes_teamwork',
        'raw_attributes_work_rate',
        'raw_attributes_long_throws',
        'raw_attributes_eccentricity',
        'raw_attributes_rushing_out',
        'raw_attributes_punching',
        'raw_attributes_acceleration',
        'raw_attributes_free_kick_taking',
        'raw_attributes_strength',
        'raw_attributes_stamina',
        'raw_attributes_pace',
        'raw_attributes_jumping_reach',
        'raw_attributes_leadership',
        'raw_attributes_dirtiness',
        'raw_attributes_balance',
        'raw_attributes_bravery',
        'raw_attributes_consistency',
        'raw_attributes_aggression',
        'raw_attributes_agility',
        'raw_attributes_important_matches',
        'raw_attributes_injury_proneness',
        'raw_attributes_versatility',
        'raw_attributes_natural_fitness',
        'raw_attributes_determination',
        'raw_attributes_composure',
        'raw_attributes_concentration',
        'left_foot',
        'right_foot',
        'raw_left_foot',
        'raw_right_foot',
        'positions_gk',
        'positions_sw',
        'positions_dl',
        'positions_dc',
        'positions_dr',
        'positions_dm',
        'positions_ml',
        'positions_mc',
        'positions_mr',
        'positions_aml',
        'positions_amc',
        'positions_amr',
        'positions_stc',
        'positions_wbl',
        'positions_wbr',
        'transfer_value',
        'transfer_value_state',
        'condition',
        'match_sharpness',
        'traits',
        'traits_code',
        'trait_bits',
        'on_loan',
        'loan_parent_club_uid',
        'loan_parent_club_name',
        'loan_start',
        'loan_end',
        'contract_player_uid',
        'contract_player_name',
        'contract_club_uid',
        'contract_club_name',
        'contract_team_id',
        'contract_wage',
        'contract_start',
        'contract_end',
        'contract_end_source',
        'contract_squad_status',
        'contract_squad_status_code',
        'contract_type',
        'contract_type_code',
        'contract_clauses',
        'contract_on_loan',
        'contract_loan_parent_club_uid',
        'contract_loan_parent_club_name',
        'contract_loan_start',
        'contract_loan_end',
        'contract_event_count',
        'contract_chain',
        'contract_chain_club_uids',
        'contract_chain_club_names',
        'contract_tailed_chain_club_uids',
        'contract_unknown_money_a',
        'contract_unknown_money_b',
        'contract_unknown_money_c',
        'contract_unknown_e2',
        'contract_unknown_e8',
        'contract_unknown_e12',
        'contract_unknown_e16',
        'contract_unknown_e20',
        'contract_unknown_e24',
        'contract_unknown_e37',
        'contract_unknown_e38',
        'contract_unknown_e39',
        'suspensions',
      ]),
      'PlayerMatchStats': list([
        'player_uid',
        'player_name',
        'date',
        'competition_id',
        'opponent_team_id',
        'opponent_club_uid',
        'opponent_club_name',
        'opponent_club_short_name',
        'opponent_team_slot',
        'played',
        'position',
        'position_code',
        'minutes',
        'left_at_minute',
        'goals',
        'assists',
        'rating',
        'passes_attempted',
        'passes_completed',
        'body_valid',
        'unknown_tag',
        'unknown_role_code',
      ]),
      'SetPieceRoutine': list([
        'club_uid',
        'club_name',
        'team_id',
        'team_slot',
        'slot',
        'name',
      ]),
      'Sponsorship': list([
        'club_uid',
        'club_name',
        'type',
        'type_code',
        'start',
        'end',
        'total_value',
        'annual_value',
        'unknown_flag10',
        'unknown_u15',
        'unknown_b17',
        'unknown_enum18',
        'unknown_b19',
      ]),
      'Stadium': list([
        'uid',
        'name',
        'all_seater_capacity',
        'expansion_capacity',
        'capacity',
        'owner_club_uid',
        'owner_club_name',
        'home_club_uids',
        'home_club_names',
        'pitch_length_dm',
        'pitch_width_dm',
        'pitch_min_length_dm',
        'pitch_min_width_dm',
        'pitch_max_length_dm',
        'pitch_max_width_dm',
        'built_date',
        'rebuilt_date',
        'unknown_u17',
        'unknown_u25',
        'unknown_b33',
        'unknown_date_58',
        'unknown_flags_156',
      ]),
      'Staff': list([
        'uid',
        'is_human_manager',
        'name',
        'first_name',
        'last_name',
        'common_name',
        'full_name',
        'legal_name',
        'birth_date',
        'age',
        'nation_id',
        'club_uid',
        'club_name',
        'team_id',
        'team_slot',
        'listed_club_uid',
        'in_club_lists',
        'list_indexes',
        'has_contract',
        'wage',
        'contract_start',
        'contract_end',
        'ability_current',
        'ability_potential',
        'ability_potential_range_code',
        'personality_adaptability',
        'personality_ambition',
        'personality_loyalty',
        'personality_pressure',
        'personality_professionalism',
        'personality_sportsmanship',
        'personality_temperament',
        'personality_controversy',
        'attributes_adaptability',
        'preferences_attacking',
        'preferences_business',
        'preferences_directness',
        'preferences_interference',
        'preferences_patience',
        'preferences_trigger_press',
        'preferences_resources',
        'preferences_buying_players',
        'preferences_mind_games',
        'preferences_flexibility',
        'preferences_hardness_of_training',
        'preferences_squad_rotation',
        'preferences_tempo',
        'preferences_width',
        'unknown_entry_count',
        'unknown_r4',
        'unknown_r5',
        'unknown_r6',
        'unknown_r7',
        'unknown_r8',
        'unknown_r9',
        'unknown_r10',
        'unknown_r11',
        'unknown_r12',
        'unknown_preference_slot_2',
        'unknown_preference_slot_4',
        'unknown_preference_slot_5',
        'unknown_preference_slot_7',
        'unknown_preference_slot_8',
        'unknown_preference_slot_12',
        'unknown_preference_slot_13',
        'unknown_preference_slot_16',
        'unknown_preference_slot_17',
        'unknown_preference_slot_18',
        'unknown_preference_slot_19',
        'unknown_preference_slot_20',
        'unknown_contract_e36',
        'unknown_contract_e37',
        'unknown_contract_e38',
        'unknown_contract_e39',
        'unknown_contract_type',
      ]),
      'StaffList': list([
        'club_uid',
        'club_name',
        'list_index',
        'person_uids',
        'person_names',
      ]),
      'Stage': list([
        'id',
        'competition_id',
        'competition_name',
        'group_id',
        'round',
        'round_code',
        'previous_stage_id',
        'unknown_s25',
        'unknown_s29',
      ]),
      'Suspension': list([
        'player_uid',
        'player_name',
        'club_uid',
        'club_name',
        'suspension_competition_id',
        'issued_date',
        'unknown_e7',
        'unknown_e14',
      ]),
      'Tactic': list([
        'club_uid',
        'club_name',
        'team_id',
        'team_slot',
        'index',
        'name',
        'style_name',
        'mentality',
        'mentality_code',
        'slots',
        'unknown_team_instruction_00',
        'unknown_team_instruction_01',
        'unknown_team_instruction_02',
        'unknown_team_instruction_03',
        'unknown_team_instruction_04',
        'unknown_team_instruction_05',
        'unknown_team_instruction_06',
        'unknown_team_instruction_07',
        'unknown_team_instruction_08',
        'unknown_team_instruction_09',
        'unknown_team_instruction_10',
        'unknown_team_instruction_11',
        'unknown_team_instruction_12',
        'unknown_team_instruction_13',
        'unknown_team_instruction_14',
        'unknown_team_instruction_15',
        'unknown_team_instruction_16',
        'unknown_team_instruction_17',
        'unknown_team_instruction_18',
        'unknown_style_code',
      ]),
      'TeamTraining': list([
        'team_id',
        'club_uid',
        'club_name',
        'team_slot',
        'weeks',
        'schedule_library',
      ]),
      'TransferWindow': list([
        'opens_day',
        'opens_month',
        'opens_season_year_offset',
        'closes_day',
        'closes_month',
        'closes_season_year_offset',
        'unknown_close_time',
        'unknown_window_type',
      ]),
    }),
  })
# ---
